// Jest Snapshot v1, https://goo.gl/fbAQLP

exports[`PersonDetails should match the snapshot 1`] = `ShallowWrapper {}`;
