// Jest Snapshot v1, https://goo.gl/fbAQLP

exports[`DataContainer should match the snapshot 1`] = `ShallowWrapper {}`;
