// Jest Snapshot v1, https://goo.gl/fbAQLP

exports[`VehicleCard should match the snapshot 1`] = `ShallowWrapper {}`;
