// Jest Snapshot v1, https://goo.gl/fbAQLP

exports[`App should match the snapshot with the data being passed in correctly 1`] = `ShallowWrapper {}`;
